// Jest Snapshot v1, https://goo.gl/fbAQLP

exports[`ColorItem TaskRow rendering render correctly TaskRow component 1`] = `ShallowWrapper {}`;
